<?xml version="1.0" encoding="UTF-8"?>
<TestRun id="34515343-1118-41a5-a691-7ef1a4f69b8d" name="jlospinoso@MININT-NB6LPJ1 2011-09-07 05:00:46" runUser="MININT-NB6LPJ1\jlospinoso" xmlns="http://microsoft.com/schemas/VisualStudio/TeamTest/2010">
  <TestSettings name="Local" id="99f50d2e-97f5-4646-a5c0-bb5ad7daee8b">
    <Description>These are default test settings for a local test run.</Description>
    <Deployment enabled="false" runDeploymentRoot="jlospinoso_MININT-NB6LPJ1 2011-09-07 05_00_46">
      <DeploymentItem filename="c:\users\jlospinoso\documents\visual studio 2010\Projects\LUT\Utils\bin\Debug\LospiUtils.dll" />
      <DeploymentItem filename="c:\users\jlospinoso\documents\visual studio 2010\Projects\LUT\Lib\MathNet.Iridium.dll" />
    </Deployment>
    <Execution>
      <TestTypeSpecific />
      <AgentRule name="Execution Agents">
      </AgentRule>
    </Execution>
  </TestSettings>
  <Times creation="2011-09-07T05:00:46.0419630-04:00" queuing="2011-09-07T05:00:47.2050295-04:00" start="2011-09-07T05:00:47.3990406-04:00" finish="2011-09-07T05:01:03.4179569-04:00" />
  <ResultSummary outcome="Error">
    <Counters total="8" executed="1" error="0" failed="0" timeout="0" aborted="1" inconclusive="0" passedButRunAborted="0" notRunnable="0" notExecuted="7" disconnected="0" warning="0" passed="0" completed="0" inProgress="0" pending="0" />
    <RunInfos>
      <RunInfo computerName="MININT-NB6LPJ1" outcome="Error" timestamp="2011-09-07T05:01:03.4159567-04:00">
        <Text>Test host process exited unexpectedly.</Text>
      </RunInfo>
    </RunInfos>
  </ResultSummary>
  <TestDefinitions>
    <UnitTest name="ScaleTest" storage="c:\users\jlospinoso\documents\visual studio 2010\projects\lut\utils.test\bin\debug\utilstest.dll" id="1015d3f6-0226-3b5c-bb67-a634ddeb31d1">
      <Execution id="557c5633-4de9-4a01-9dd0-aba5b07bcb1c" />
      <TestMethod codeBase="c:/users/jlospinoso/documents/visual studio 2010/Projects/LUT/Utils.Test/bin/Debug/UtilsTest.DLL" adapterTypeName="Microsoft.VisualStudio.TestTools.TestTypes.Unit.UnitTestAdapter, Microsoft.VisualStudio.QualityTools.Tips.UnitTest.Adapter, Version=10.0.0.0, Culture=neutral, PublicKeyToken=b03f5f7f11d50a3a" className="Lospi.Utils.Test.ExtensionMethodsTest, UtilsTest, Version=1.0.0.0, Culture=neutral, PublicKeyToken=null" name="ScaleTest" />
    </UnitTest>
    <UnitTest name="PercentileTest" storage="c:\users\jlospinoso\documents\visual studio 2010\projects\lut\utils.test\bin\debug\utilstest.dll" id="19b43299-b7be-1f16-99d9-13f94a42bbe5">
      <Execution id="8bd66ac4-d3aa-4250-b3b8-a2bee456f957" />
      <TestMethod codeBase="c:/users/jlospinoso/documents/visual studio 2010/Projects/LUT/Utils.Test/bin/Debug/UtilsTest.DLL" adapterTypeName="Microsoft.VisualStudio.TestTools.TestTypes.Unit.UnitTestAdapter, Microsoft.VisualStudio.QualityTools.Tips.UnitTest.Adapter, Version=10.0.0.0, Culture=neutral, PublicKeyToken=b03f5f7f11d50a3a" className="Lospi.Utils.Test.ExtensionMethodsTest, UtilsTest, Version=1.0.0.0, Culture=neutral, PublicKeyToken=null" name="PercentileTest" />
    </UnitTest>
    <UnitTest name="SortOnKeysTest" storage="c:\users\jlospinoso\documents\visual studio 2010\projects\lut\utils.test\bin\debug\utilstest.dll" id="f5896814-dba8-fd25-5554-d62d3fbce816">
      <Execution id="315f0d36-98a9-4f00-965b-f99164d2f98b" />
      <TestMethod codeBase="c:/users/jlospinoso/documents/visual studio 2010/Projects/LUT/Utils.Test/bin/Debug/UtilsTest.DLL" adapterTypeName="Microsoft.VisualStudio.TestTools.TestTypes.Unit.UnitTestAdapter, Microsoft.VisualStudio.QualityTools.Tips.UnitTest.Adapter, Version=10.0.0.0, Culture=neutral, PublicKeyToken=b03f5f7f11d50a3a" className="Lospi.Utils.Test.ExtensionMethodsTest, UtilsTest, Version=1.0.0.0, Culture=neutral, PublicKeyToken=null" name="SortOnKeysTest" />
    </UnitTest>
    <UnitTest name="ToConsoleTest" storage="c:\users\jlospinoso\documents\visual studio 2010\projects\lut\utils.test\bin\debug\utilstest.dll" id="0ae1ff3c-16e0-de5f-77e6-b0af1ddb1d37">
      <Execution id="6e1ee631-bc14-41a5-8f09-60062a710ddd" />
      <TestMethod codeBase="c:/users/jlospinoso/documents/visual studio 2010/Projects/LUT/Utils.Test/bin/Debug/UtilsTest.DLL" adapterTypeName="Microsoft.VisualStudio.TestTools.TestTypes.Unit.UnitTestAdapter, Microsoft.VisualStudio.QualityTools.Tips.UnitTest.Adapter, Version=10.0.0.0, Culture=neutral, PublicKeyToken=b03f5f7f11d50a3a" className="Lospi.Utils.Test.ExtensionMethodsTest, UtilsTest, Version=1.0.0.0, Culture=neutral, PublicKeyToken=null" name="ToConsoleTest" />
    </UnitTest>
    <UnitTest name="NormalizeTest" storage="c:\users\jlospinoso\documents\visual studio 2010\projects\lut\utils.test\bin\debug\utilstest.dll" id="60188dd3-c6f2-7476-afa1-aa6a6c58b03a">
      <Execution id="e834b16d-437f-4ce6-8fdb-cd35b562b9de" />
      <TestMethod codeBase="c:/users/jlospinoso/documents/visual studio 2010/Projects/LUT/Utils.Test/bin/Debug/UtilsTest.DLL" adapterTypeName="Microsoft.VisualStudio.TestTools.TestTypes.Unit.UnitTestAdapter, Microsoft.VisualStudio.QualityTools.Tips.UnitTest.Adapter, Version=10.0.0.0, Culture=neutral, PublicKeyToken=b03f5f7f11d50a3a" className="Lospi.Utils.Test.ExtensionMethodsTest, UtilsTest, Version=1.0.0.0, Culture=neutral, PublicKeyToken=null" name="NormalizeTest" />
    </UnitTest>
    <UnitTest name="StandardizeTest" storage="c:\users\jlospinoso\documents\visual studio 2010\projects\lut\utils.test\bin\debug\utilstest.dll" id="b460e44c-e3ed-1931-af80-41434bca3183">
      <Execution id="c563bffe-dd91-472c-9f4e-5f7368abed3e" />
      <TestMethod codeBase="c:/users/jlospinoso/documents/visual studio 2010/Projects/LUT/Utils.Test/bin/Debug/UtilsTest.DLL" adapterTypeName="Microsoft.VisualStudio.TestTools.TestTypes.Unit.UnitTestAdapter, Microsoft.VisualStudio.QualityTools.Tips.UnitTest.Adapter, Version=10.0.0.0, Culture=neutral, PublicKeyToken=b03f5f7f11d50a3a" className="Lospi.Utils.Test.ExtensionMethodsTest, UtilsTest, Version=1.0.0.0, Culture=neutral, PublicKeyToken=null" name="StandardizeTest" />
    </UnitTest>
    <UnitTest name="RankTest" storage="c:\users\jlospinoso\documents\visual studio 2010\projects\lut\utils.test\bin\debug\utilstest.dll" id="f57d43ee-bf95-9022-b722-c3aa89dcff4f">
      <Execution id="9b2c3b1e-202d-42bd-8e99-b4f0c61f7ae0" />
      <TestMethod codeBase="c:/users/jlospinoso/documents/visual studio 2010/Projects/LUT/Utils.Test/bin/Debug/UtilsTest.DLL" adapterTypeName="Microsoft.VisualStudio.TestTools.TestTypes.Unit.UnitTestAdapter, Microsoft.VisualStudio.QualityTools.Tips.UnitTest.Adapter, Version=10.0.0.0, Culture=neutral, PublicKeyToken=b03f5f7f11d50a3a" className="Lospi.Utils.Test.ExtensionMethodsTest, UtilsTest, Version=1.0.0.0, Culture=neutral, PublicKeyToken=null" name="RankTest" />
    </UnitTest>
    <UnitTest name="RangeTest" storage="c:\users\jlospinoso\documents\visual studio 2010\projects\lut\utils.test\bin\debug\utilstest.dll" id="2c51df45-7bf5-a2d1-64d3-a24338af5074">
      <Execution id="a8372fb9-1a36-4b42-b139-3ac3814a97d8" />
      <TestMethod codeBase="c:/users/jlospinoso/documents/visual studio 2010/Projects/LUT/Utils.Test/bin/Debug/UtilsTest.DLL" adapterTypeName="Microsoft.VisualStudio.TestTools.TestTypes.Unit.UnitTestAdapter, Microsoft.VisualStudio.QualityTools.Tips.UnitTest.Adapter, Version=10.0.0.0, Culture=neutral, PublicKeyToken=b03f5f7f11d50a3a" className="Lospi.Utils.Test.ExtensionMethodsTest, UtilsTest, Version=1.0.0.0, Culture=neutral, PublicKeyToken=null" name="RangeTest" />
    </UnitTest>
  </TestDefinitions>
  <TestLists>
    <TestList name="Results Not in a List" id="8c84fa94-04c1-424b-9868-57a2d4851a1d" />
    <TestList name="All Loaded Results" id="19431567-8539-422a-85d7-44ee4e166bda" />
  </TestLists>
  <TestEntries>
    <TestEntry testId="0ae1ff3c-16e0-de5f-77e6-b0af1ddb1d37" executionId="6e1ee631-bc14-41a5-8f09-60062a710ddd" testListId="8c84fa94-04c1-424b-9868-57a2d4851a1d" />
    <TestEntry testId="1015d3f6-0226-3b5c-bb67-a634ddeb31d1" executionId="557c5633-4de9-4a01-9dd0-aba5b07bcb1c" testListId="8c84fa94-04c1-424b-9868-57a2d4851a1d" />
    <TestEntry testId="19b43299-b7be-1f16-99d9-13f94a42bbe5" executionId="8bd66ac4-d3aa-4250-b3b8-a2bee456f957" testListId="8c84fa94-04c1-424b-9868-57a2d4851a1d" />
    <TestEntry testId="2c51df45-7bf5-a2d1-64d3-a24338af5074" executionId="a8372fb9-1a36-4b42-b139-3ac3814a97d8" testListId="8c84fa94-04c1-424b-9868-57a2d4851a1d" />
    <TestEntry testId="60188dd3-c6f2-7476-afa1-aa6a6c58b03a" executionId="e834b16d-437f-4ce6-8fdb-cd35b562b9de" testListId="8c84fa94-04c1-424b-9868-57a2d4851a1d" />
    <TestEntry testId="b460e44c-e3ed-1931-af80-41434bca3183" executionId="c563bffe-dd91-472c-9f4e-5f7368abed3e" testListId="8c84fa94-04c1-424b-9868-57a2d4851a1d" />
    <TestEntry testId="f57d43ee-bf95-9022-b722-c3aa89dcff4f" executionId="9b2c3b1e-202d-42bd-8e99-b4f0c61f7ae0" testListId="8c84fa94-04c1-424b-9868-57a2d4851a1d" />
    <TestEntry testId="f5896814-dba8-fd25-5554-d62d3fbce816" executionId="315f0d36-98a9-4f00-965b-f99164d2f98b" testListId="8c84fa94-04c1-424b-9868-57a2d4851a1d" />
  </TestEntries>
  <Results>
    <UnitTestResult executionId="6e1ee631-bc14-41a5-8f09-60062a710ddd" testId="0ae1ff3c-16e0-de5f-77e6-b0af1ddb1d37" testName="ToConsoleTest" computerName="MININT-NB6LPJ1" duration="00:00:15.8229051" startTime="2011-09-07T05:00:47.5950518-04:00" endTime="2011-09-07T05:01:03.4179569-04:00" testType="13cdc9d9-ddb5-4fa4-a97d-d965ccfc6d4b" outcome="Aborted" testListId="8c84fa94-04c1-424b-9868-57a2d4851a1d" relativeResultsDirectory="6e1ee631-bc14-41a5-8f09-60062a710ddd">
    </UnitTestResult>
    <UnitTestResult executionId="557c5633-4de9-4a01-9dd0-aba5b07bcb1c" testId="1015d3f6-0226-3b5c-bb67-a634ddeb31d1" testName="ScaleTest" computerName="MININT-NB6LPJ1" testType="13cdc9d9-ddb5-4fa4-a97d-d965ccfc6d4b" outcome="NotExecuted" testListId="8c84fa94-04c1-424b-9868-57a2d4851a1d" relativeResultsDirectory="557c5633-4de9-4a01-9dd0-aba5b07bcb1c">
    </UnitTestResult>
    <UnitTestResult executionId="8bd66ac4-d3aa-4250-b3b8-a2bee456f957" testId="19b43299-b7be-1f16-99d9-13f94a42bbe5" testName="PercentileTest" computerName="MININT-NB6LPJ1" testType="13cdc9d9-ddb5-4fa4-a97d-d965ccfc6d4b" outcome="NotExecuted" testListId="8c84fa94-04c1-424b-9868-57a2d4851a1d" relativeResultsDirectory="8bd66ac4-d3aa-4250-b3b8-a2bee456f957">
    </UnitTestResult>
    <UnitTestResult executionId="a8372fb9-1a36-4b42-b139-3ac3814a97d8" testId="2c51df45-7bf5-a2d1-64d3-a24338af5074" testName="RangeTest" computerName="MININT-NB6LPJ1" testType="13cdc9d9-ddb5-4fa4-a97d-d965ccfc6d4b" outcome="NotExecuted" testListId="8c84fa94-04c1-424b-9868-57a2d4851a1d" relativeResultsDirectory="a8372fb9-1a36-4b42-b139-3ac3814a97d8">
    </UnitTestResult>
    <UnitTestResult executionId="e834b16d-437f-4ce6-8fdb-cd35b562b9de" testId="60188dd3-c6f2-7476-afa1-aa6a6c58b03a" testName="NormalizeTest" computerName="MININT-NB6LPJ1" testType="13cdc9d9-ddb5-4fa4-a97d-d965ccfc6d4b" outcome="NotExecuted" testListId="8c84fa94-04c1-424b-9868-57a2d4851a1d" relativeResultsDirectory="e834b16d-437f-4ce6-8fdb-cd35b562b9de">
    </UnitTestResult>
    <UnitTestResult executionId="c563bffe-dd91-472c-9f4e-5f7368abed3e" testId="b460e44c-e3ed-1931-af80-41434bca3183" testName="StandardizeTest" computerName="MININT-NB6LPJ1" testType="13cdc9d9-ddb5-4fa4-a97d-d965ccfc6d4b" outcome="NotExecuted" testListId="8c84fa94-04c1-424b-9868-57a2d4851a1d" relativeResultsDirectory="c563bffe-dd91-472c-9f4e-5f7368abed3e">
    </UnitTestResult>
    <UnitTestResult executionId="9b2c3b1e-202d-42bd-8e99-b4f0c61f7ae0" testId="f57d43ee-bf95-9022-b722-c3aa89dcff4f" testName="RankTest" computerName="MININT-NB6LPJ1" testType="13cdc9d9-ddb5-4fa4-a97d-d965ccfc6d4b" outcome="NotExecuted" testListId="8c84fa94-04c1-424b-9868-57a2d4851a1d" relativeResultsDirectory="9b2c3b1e-202d-42bd-8e99-b4f0c61f7ae0">
    </UnitTestResult>
    <UnitTestResult executionId="315f0d36-98a9-4f00-965b-f99164d2f98b" testId="f5896814-dba8-fd25-5554-d62d3fbce816" testName="SortOnKeysTest" computerName="MININT-NB6LPJ1" testType="13cdc9d9-ddb5-4fa4-a97d-d965ccfc6d4b" outcome="NotExecuted" testListId="8c84fa94-04c1-424b-9868-57a2d4851a1d" relativeResultsDirectory="315f0d36-98a9-4f00-965b-f99164d2f98b">
    </UnitTestResult>
  </Results>
</TestRun>